// Jest Snapshot v1, https://goo.gl/fbAQLP

exports[`TableBodyContainer should render Spinner 1`] = `<Spinner />`;

exports[`TableBodyContainer should render TableBody 1`] = `<TableBody />`;
